// Jest Snapshot v1, https://goo.gl/fbAQLP

exports[`Employees renders correctly 1`] = `ShallowWrapper {}`;
