// Jest Snapshot v1, https://goo.gl/fbAQLP

exports[`Employee Details renders correctly 1`] = `ShallowWrapper {}`;
